xrun: 22.03-s012: (c) Copyright 1995-2023 Cadence Design Systems, Inc.
TOOL:	xrun	22.03-s012: Started on Oct 23, 2025 at 19:50:53 CDT
xrun
	-f run.f
		+access+rwc
		-timescale 1ns/1ps
		-input waves.tcl
		-coverage A
		-covoverwrite
		-covfile ./cov_conf.ccf
		-uvmhome /opt/coe/cadence/XCELIUM/tools/methodology/UVM/CDNS-1.1d/sv
		+UVM_VERBOSITY=UVM_LOW
		-f file_list.f
			-incdir ../tb
			-incdir ../test
			-incdir ../design
			../design/htax_top.vp
			../design/htax_combinatoric_arbiter.vp
			../design/htax_outport_arbiter.vp
			../design/htax_outport_data_mux.vp
			../tb/htax_defines.sv
			../tb/htax_pkg.sv
			../tb/htax_top.sv
			../tb/htax_tx_interface.sv
			../tb/htax_rx_interface.sv
	+UVM_TESTNAME=simple_random_test

   User defined plus("+") options:
	+UVM_VERBOSITY=UVM_LOW

Compiling UVM packages (uvm_pkg.sv cdns_uvm_pkg.sv) using uvmhome location /opt/coe/cadence/XCELIUM/tools/methodology/UVM/CDNS-1.1d/sv
file: ../design/htax_top.vp
		errors: 0, warnings: 0
file: ../design/htax_combinatoric_arbiter.vp
		errors: 0, warnings: 0
file: ../design/htax_outport_arbiter.vp
		errors: 0, warnings: 0
file: ../design/htax_outport_data_mux.vp
		errors: 0, warnings: 0
file: ../tb/htax_defines.sv
file: ../tb/htax_pkg.sv
	package worklib.htax_pkg:sv
		errors: 0, warnings: 0
file: ../tb/htax_top.sv
	module worklib.top:sv
		errors: 0, warnings: 0
file: ../tb/htax_tx_interface.sv
	interface worklib.htax_tx_interface:sv
		errors: 0, warnings: 0
file: ../tb/htax_rx_interface.sv
	interface worklib.htax_rx_interface:sv
		errors: 0, warnings: 0
xmvlog: *W,SPDUSD: Include directory ../design given but not used.
	Total errors/warnings found outside modules and primitives:
		errors: 0, warnings: 1
		Caching library 'worklib' ....... Done
	Elaborating the design hierarchy:
	Top level design units:
		uvm_pkg
		cdns_uvmapi
		cdns_assert2uvm_pkg
		cdns_uvm_pkg
		htax_pkg
		top
xmelab: *W,DSEMEL: This SystemVerilog design will be simulated as per IEEE 1800-2009 SystemVerilog simulation semantics. Use -disable_sem2009 option for turning off SV 2009 simulation semantics.

	Extracting FSMs for coverage:
		worklib.top
	Total FSMs extracted = 0
	Building instance overlay tables: ..........
class htax_env extends uvm_env;
             |
xmelab: *W,COVUCC (../tb/htax_env.sv,7|13): Block and Expression coverage types are not supported inside SystemVerilog classes. Use CCF command to enable type-based block and expression control coverage. There may also be other such classes in the design.
.......... Done
	Enabling instrumentation for coverage types: block expression FSM toggle functional
xmelab: *W,COVDCL: By default expression coverage is scored only for Verilog logical operators (|| and &&) and VHDL logical operators (OR, AND, NOR, and NAND), and is scored only in condition expressions. To score coverage for other operators and for expressions in other statements, use the "set_expr_coverable_operators" and "set_expr_coverable_statements" coverage configuration file commands with suitable options at elaboration.
	Generating native compiled code:
			streams:   9, words:  3565
			streams:  16, words:  4503
			streams:  11, words:  2966
			streams:  34, words: 14096
		worklib.top:sv <0x793e4c38>
			streams: 713, words: 660539
		worklib.htax_tx_interface:sv <0x204a9ecb>
			streams:  50, words: 32133
		worklib.htax_rx_interface:sv <0x5f65d68c>
			streams:   8, words:  5481
		worklib.cdns_uvm_pkg:sv <0x7f1264e5>
			streams: 179, words: 234959
		worklib.cdns_uvmapi:svp <0x50664491>
			streams:  27, words: 25199
		worklib.cdns_assert2uvm_pkg:sv <0x7093945c>
			streams:   3, words:  1338
		worklib.uvm_pkg:sv <0x5e258bdb>
			streams: 5100, words: 6374105
	Building instance specific data structures.
	Loading native compiled code:     .................... Done
	Design hierarchy summary:
		                       Instances  Unique
		Modules:                      14       5
		Interfaces:                    8       2
		Verilog packages:              5       5
		Registers:                 14619   10318
		Scalar wires:                158       -
		Vectored wires:              108       -
		Named events:                 48      23
		Always blocks:               338      89
		Initial blocks:              378     179
		Parallel blocks:              26      27
		Cont. assignments:            89      56
		Pseudo assignments:           57      57
		Assertions:                   46      13
		SV Class declarations:       198     312
		SV Class specializations:    384     384
		Simulation timescale:        1ps
	Writing initial simulation snapshot: worklib.top:sv
Loading snapshot worklib.top:sv .................... Done
SVSEED default: 1
xmsim: *W,DSEM2009: This SystemVerilog design is simulated as per IEEE 1800-2009 SystemVerilog simulation semantics. Use -disable_sem2009 option for turning off SV 2009 simulation semantics.
xcelium> source /opt/coe/cadence/XCELIUM/tools/xcelium/files/xmsimrc
xcelium> source /opt/coe/cadence/XCELIUM/tools/methodology/UVM/CDNS-1.1d/sv/files/tcl/uvm_sim.tcl
xcelium> database -open waves -into waves.shm -default
Created default SHM database waves
xcelium> probe -create top -all -memories -depth all -tasks -functions -all -database waves -waveform
xmsim: *W,PRFRTNEV: (-FUNCTION) Database must be opened in -EVENT mode to capture calling scope data.
xmsim: *W,PRPSWM: Protected signal was excluded from probing.
Created probe 1
xcelium> 
xcelium> run
----------------------------------------------------------------
CDNS-UVM-1.1d (22.03-s012)
(C) 2007-2013 Mentor Graphics Corporation
(C) 2007-2013 Cadence Design Systems, Inc.
(C) 2006-2013 Synopsys, Inc.
(C) 2011-2013 Cypress Semiconductor Corp.
----------------------------------------------------------------

  ***********       IMPORTANT RELEASE NOTES         ************

  You are using a version of the UVM library that has been compiled
  with `UVM_NO_DEPRECATED undefined.
  See http://www.eda.org/svdb/view.php?id=3313 for more details.

  You are using a version of the UVM library that has been compiled
  with `UVM_OBJECT_MUST_HAVE_CONSTRUCTOR undefined.
  See http://www.eda.org/svdb/view.php?id=3770 for more details.

      (Specify +UVM_NO_RELNOTES to turn off this notice)

UVM_INFO ../tb/htax_top.sv(107) @ 0: reporter [TOP] Starting simple random test
UVM_INFO @ 0: reporter [RNTST] Running test simple_random_test...
UVM_INFO @ 0: reporter [UVMTOP] UVM testbench topology:
--------------------------------------------------------------------
Name                       Type                     Size  Value     
--------------------------------------------------------------------
uvm_test_top               simple_random_test       -     @2716     
  tb                       htax_env                 -     @2786     
    tx_port[0]             htax_tx_agent_c          -     @2847     
      sequencer            htax_sequencer_c         -     @3107     
        rsp_export         uvm_analysis_export      -     @3166     
        seq_item_export    uvm_seq_item_pull_imp    -     @3714     
        arbitration_queue  array                    0     -         
        lock_queue         array                    0     -         
        num_last_reqs      integral                 32    'd1       
        num_last_rsps      integral                 32    'd1       
      tx_driver            htax_tx_driver_c         -     @2972     
        rsp_port           uvm_analysis_port        -     @3076     
        seq_item_port      uvm_seq_item_pull_port   -     @3025     
      is_active            uvm_active_passive_enum  1     UVM_ACTIVE
    tx_port[1]             htax_tx_agent_c          -     @2877     
      sequencer            htax_sequencer_c         -     @3893     
        rsp_export         uvm_analysis_export      -     @3948     
        seq_item_export    uvm_seq_item_pull_imp    -     @4488     
        arbitration_queue  array                    0     -         
        lock_queue         array                    0     -         
        num_last_reqs      integral                 32    'd1       
        num_last_rsps      integral                 32    'd1       
      tx_driver            htax_tx_driver_c         -     @3767     
        rsp_port           uvm_analysis_port        -     @3863     
        seq_item_port      uvm_seq_item_pull_port   -     @3815     
      is_active            uvm_active_passive_enum  1     UVM_ACTIVE
    tx_port[2]             htax_tx_agent_c          -     @2907     
      sequencer            htax_sequencer_c         -     @4661     
        rsp_export         uvm_analysis_export      -     @4716     
        seq_item_export    uvm_seq_item_pull_imp    -     @5256     
        arbitration_queue  array                    0     -         
        lock_queue         array                    0     -         
        num_last_reqs      integral                 32    'd1       
        num_last_rsps      integral                 32    'd1       
      tx_driver            htax_tx_driver_c         -     @4535     
        rsp_port           uvm_analysis_port        -     @4631     
        seq_item_port      uvm_seq_item_pull_port   -     @4583     
      is_active            uvm_active_passive_enum  1     UVM_ACTIVE
    tx_port[3]             htax_tx_agent_c          -     @2937     
      sequencer            htax_sequencer_c         -     @5429     
        rsp_export         uvm_analysis_export      -     @5484     
        seq_item_export    uvm_seq_item_pull_imp    -     @6024     
        arbitration_queue  array                    0     -         
        lock_queue         array                    0     -         
        num_last_reqs      integral                 32    'd1       
        num_last_rsps      integral                 32    'd1       
      tx_driver            htax_tx_driver_c         -     @5303     
        rsp_port           uvm_analysis_port        -     @5399     
        seq_item_port      uvm_seq_item_pull_port   -     @5351     
      is_active            uvm_active_passive_enum  1     UVM_ACTIVE
--------------------------------------------------------------------

UVM_INFO ../test/simple_random_test.sv(24) @ 0: uvm_test_top [simple_random_test] Starting Simple Random Sequence Test
UVM_INFO ../tb/htax_seqs.sv(18) @ 0: uvm_test_top.tb.tx_port[1].sequencer@@simple_random_seq [simple_random_seq] raise_objection
UVM_INFO ../tb/htax_seqs.sv(42) @ 0: uvm_test_top.tb.tx_port[1].sequencer@@simple_random_seq [simple_random_seq] Executing simple random sequence with 15 transactions
UVM_INFO ../tb/htax_tx_driver_c.svp(79) @ 15000: uvm_test_top.tb.tx_port[3].tx_driver [TOP] Resetting the DUT
UVM_INFO ../tb/htax_tx_driver_c.svp(79) @ 15000: uvm_test_top.tb.tx_port[2].tx_driver [TOP] Resetting the DUT
UVM_INFO ../tb/htax_tx_driver_c.svp(79) @ 15000: uvm_test_top.tb.tx_port[1].tx_driver [TOP] Resetting the DUT
UVM_INFO ../tb/htax_tx_driver_c.svp(79) @ 15000: uvm_test_top.tb.tx_port[0].tx_driver [TOP] Resetting the DUT
UVM_INFO ../tb/htax_tx_driver_c.svp(79) @ 30000: uvm_test_top.tb.tx_port[1].tx_driver [htax_tx_driver_c] Input Data Packet to DUT : 
----------------------------------------------------------------------------------------------------------
Name                           Type           Size  Value                                                 
----------------------------------------------------------------------------------------------------------
req                            htax_packet_c  -     @6211                                                 
  delay                        integral       32    'h9                                                   
  dest_port                    integral       32    'h0                                                   
  vc                           integral       2     'h2                                                   
  length                       integral       32    'h21                                                  
  data                         da(integral)   33    -                                                     
    [0]                        integral       64    'h77ccbfc7098f2f32                                    
    [1]                        integral       64    'h14286bcac537e62b                                    
    [2]                        integral       64    'he0423c62b3cd1e5d                                    
    [3]                        integral       64    'hab2405b4d9c47248                                    
    [4]                        integral       64    'h6769fbc443edfee5                                    
    ...                        ...            ...   ...                                                   
    [28]                       integral       64    'h76a973390d7e8d48                                    
    [29]                       integral       64    'h1a5f97156b32a728                                    
    [30]                       integral       64    'h3ce323f6e8536e9                                     
    [31]                       integral       64    'h133c872a769e1887                                    
    [32]                       integral       64    'h8cf250dfc03281ba                                    
  begin_time                   time           64    30000                                                 
  depth                        int            32    'd2                                                   
  parent sequence (name)       string         17    simple_random_seq                                     
  parent sequence (full name)  string         54    uvm_test_top.tb.tx_port[1].sequencer.simple_random_seq
  sequencer                    string         36    uvm_test_top.tb.tx_port[1].sequencer                  
----------------------------------------------------------------------------------------------------------

UVM_INFO ../tb/htax_tx_driver_c.svp(79) @ 950000: uvm_test_top.tb.tx_port[1].tx_driver [htax_tx_driver_c] Ended Driving Data Packet to DUT
UVM_INFO ../tb/htax_tx_driver_c.svp(79) @ 950000: uvm_test_top.tb.tx_port[1].tx_driver [htax_tx_driver_c] Input Data Packet to DUT : 
----------------------------------------------------------------------------------------------------------
Name                           Type           Size  Value                                                 
----------------------------------------------------------------------------------------------------------
req                            htax_packet_c  -     @6257                                                 
  delay                        integral       32    'he                                                   
  dest_port                    integral       32    'h3                                                   
  vc                           integral       2     'h2                                                   
  length                       integral       32    'h31                                                  
  data                         da(integral)   49    -                                                     
    [0]                        integral       64    'h814dd64c8ef0e04e                                    
    [1]                        integral       64    'h14a07c540640547e                                    
    [2]                        integral       64    'h28d0521fa44d94ae                                    
    [3]                        integral       64    'hb5002dbf1502e46b                                    
    [4]                        integral       64    'h566c637b166bbf2c                                    
    ...                        ...            ...   ...                                                   
    [44]                       integral       64    'hb6b20ae4284ce242                                    
    [45]                       integral       64    'h9d55ad57d2ad3c28                                    
    [46]                       integral       64    'h8a5a24445d994829                                    
    [47]                       integral       64    'hae0b7a116beeeaf3                                    
    [48]                       integral       64    'hc17587c6f303de12                                    
  begin_time                   time           64    950000                                                
  depth                        int            32    'd2                                                   
  parent sequence (name)       string         17    simple_random_seq                                     
  parent sequence (full name)  string         54    uvm_test_top.tb.tx_port[1].sequencer.simple_random_seq
  sequencer                    string         36    uvm_test_top.tb.tx_port[1].sequencer                  
----------------------------------------------------------------------------------------------------------

UVM_INFO ../tb/htax_tx_driver_c.svp(79) @ 2290000: uvm_test_top.tb.tx_port[1].tx_driver [htax_tx_driver_c] Ended Driving Data Packet to DUT
UVM_INFO ../tb/htax_tx_driver_c.svp(79) @ 2290000: uvm_test_top.tb.tx_port[1].tx_driver [htax_tx_driver_c] Input Data Packet to DUT : 
----------------------------------------------------------------------------------------------------------
Name                           Type           Size  Value                                                 
----------------------------------------------------------------------------------------------------------
req                            htax_packet_c  -     @6271                                                 
  delay                        integral       32    'h3                                                   
  dest_port                    integral       32    'h0                                                   
  vc                           integral       2     'h3                                                   
  length                       integral       32    'h28                                                  
  data                         da(integral)   40    -                                                     
    [0]                        integral       64    'hb58ddd9e3d5bc422                                    
    [1]                        integral       64    'hae3cc7c818cd6d9a                                    
    [2]                        integral       64    'h9ab8f279bd34fdd3                                    
    [3]                        integral       64    'hd252d08a5b0a14dc                                    
    [4]                        integral       64    'h998fc0e52b47ab5d                                    
    ...                        ...            ...   ...                                                   
    [35]                       integral       64    'he42d108ddb7c0e5                                     
    [36]                       integral       64    'h1879f8de8d67018a                                    
    [37]                       integral       64    'hda4ad41a97ce4903                                    
    [38]                       integral       64    'hf3958c95a509194f                                    
    [39]                       integral       64    'h752a79f289191c8c                                    
  begin_time                   time           64    2290000                                               
  depth                        int            32    'd2                                                   
  parent sequence (name)       string         17    simple_random_seq                                     
  parent sequence (full name)  string         54    uvm_test_top.tb.tx_port[1].sequencer.simple_random_seq
  sequencer                    string         36    uvm_test_top.tb.tx_port[1].sequencer                  
----------------------------------------------------------------------------------------------------------

UVM_INFO ../tb/htax_tx_driver_c.svp(79) @ 3230000: uvm_test_top.tb.tx_port[1].tx_driver [htax_tx_driver_c] Ended Driving Data Packet to DUT
UVM_INFO ../tb/htax_tx_driver_c.svp(79) @ 3230000: uvm_test_top.tb.tx_port[1].tx_driver [htax_tx_driver_c] Input Data Packet to DUT : 
----------------------------------------------------------------------------------------------------------
Name                           Type           Size  Value                                                 
----------------------------------------------------------------------------------------------------------
req                            htax_packet_c  -     @6110                                                 
  delay                        integral       32    'he                                                   
  dest_port                    integral       32    'h1                                                   
  vc                           integral       2     'h2                                                   
  length                       integral       32    'h29                                                  
  data                         da(integral)   41    -                                                     
    [0]                        integral       64    'hf5a6db1ce7aa2e61                                    
    [1]                        integral       64    'h4c3902e5effb750a                                    
    [2]                        integral       64    'hb6f039f0b54336ee                                    
    [3]                        integral       64    'h5a702695e56ec64c                                    
    [4]                        integral       64    'ha1563f8cfad96550                                    
    ...                        ...            ...   ...                                                   
    [36]                       integral       64    'hac345bb5447d63e0                                    
    [37]                       integral       64    'h20a30697ad5f47fe                                    
    [38]                       integral       64    'hbd042dccdcd261d3                                    
    [39]                       integral       64    'hbe879e20393e165f                                    
    [40]                       integral       64    'hdf176fd50225b2a                                     
  begin_time                   time           64    3230000                                               
  depth                        int            32    'd2                                                   
  parent sequence (name)       string         17    simple_random_seq                                     
  parent sequence (full name)  string         54    uvm_test_top.tb.tx_port[1].sequencer.simple_random_seq
  sequencer                    string         36    uvm_test_top.tb.tx_port[1].sequencer                  
----------------------------------------------------------------------------------------------------------

UVM_INFO ../tb/htax_tx_driver_c.svp(79) @ 4410000: uvm_test_top.tb.tx_port[1].tx_driver [htax_tx_driver_c] Ended Driving Data Packet to DUT
UVM_INFO ../tb/htax_tx_driver_c.svp(79) @ 4410000: uvm_test_top.tb.tx_port[1].tx_driver [htax_tx_driver_c] Input Data Packet to DUT : 
----------------------------------------------------------------------------------------------------------
Name                           Type           Size  Value                                                 
----------------------------------------------------------------------------------------------------------
req                            htax_packet_c  -     @6140                                                 
  delay                        integral       32    'h4                                                   
  dest_port                    integral       32    'h1                                                   
  vc                           integral       2     'h1                                                   
  length                       integral       32    'ha                                                   
  data                         da(integral)   10    -                                                     
    [0]                        integral       64    'h3fac519ece141d35                                    
    [1]                        integral       64    'hb6162a7244bac4                                      
    [2]                        integral       64    'h2cdd2a3a901833a0                                    
    [3]                        integral       64    'hef48866f87a4eece                                    
    [4]                        integral       64    'ha7482b12d28afb7b                                    
    [5]                        integral       64    'h16ab1635faafc5                                      
    [6]                        integral       64    'h9245a325d467d0f5                                    
    [7]                        integral       64    'hc43474991b8576af                                    
    [8]                        integral       64    'h8b2c484e4307f9d                                     
    [9]                        integral       64    'h4dd8b93477966ea8                                    
  begin_time                   time           64    4410000                                               
  depth                        int            32    'd2                                                   
  parent sequence (name)       string         17    simple_random_seq                                     
  parent sequence (full name)  string         54    uvm_test_top.tb.tx_port[1].sequencer.simple_random_seq
  sequencer                    string         36    uvm_test_top.tb.tx_port[1].sequencer                  
----------------------------------------------------------------------------------------------------------

UVM_INFO ../tb/htax_tx_driver_c.svp(79) @ 4770000: uvm_test_top.tb.tx_port[1].tx_driver [htax_tx_driver_c] Ended Driving Data Packet to DUT
UVM_INFO ../tb/htax_tx_driver_c.svp(79) @ 4770000: uvm_test_top.tb.tx_port[1].tx_driver [htax_tx_driver_c] Input Data Packet to DUT : 
----------------------------------------------------------------------------------------------------------
Name                           Type           Size  Value                                                 
----------------------------------------------------------------------------------------------------------
req                            htax_packet_c  -     @6266                                                 
  delay                        integral       32    'hd                                                   
  dest_port                    integral       32    'h2                                                   
  vc                           integral       2     'h3                                                   
  length                       integral       32    'h3c                                                  
  data                         da(integral)   60    -                                                     
    [0]                        integral       64    'h939e4124f099909d                                    
    [1]                        integral       64    'hcbb401979fa93ec8                                    
    [2]                        integral       64    'hfc7fc3594db3f3ea                                    
    [3]                        integral       64    'h90dbf01741ac8e62                                    
    [4]                        integral       64    'hab658376b25c6de0                                    
    ...                        ...            ...   ...                                                   
    [55]                       integral       64    'h5c5a3a13040b27f1                                    
    [56]                       integral       64    'hda89f7472f3284ef                                    
    [57]                       integral       64    'h7fe3c49f53e25d78                                    
    [58]                       integral       64    'hdfa25d1434d306d8                                    
    [59]                       integral       64    'he9009786877eb3a5                                    
  begin_time                   time           64    4770000                                               
  depth                        int            32    'd2                                                   
  parent sequence (name)       string         17    simple_random_seq                                     
  parent sequence (full name)  string         54    uvm_test_top.tb.tx_port[1].sequencer.simple_random_seq
  sequencer                    string         36    uvm_test_top.tb.tx_port[1].sequencer                  
----------------------------------------------------------------------------------------------------------

UVM_INFO ../tb/htax_tx_driver_c.svp(79) @ 6310000: uvm_test_top.tb.tx_port[1].tx_driver [htax_tx_driver_c] Ended Driving Data Packet to DUT
UVM_INFO ../tb/htax_tx_driver_c.svp(79) @ 6310000: uvm_test_top.tb.tx_port[1].tx_driver [htax_tx_driver_c] Input Data Packet to DUT : 
----------------------------------------------------------------------------------------------------------
Name                           Type           Size  Value                                                 
----------------------------------------------------------------------------------------------------------
req                            htax_packet_c  -     @6123                                                 
  delay                        integral       32    'h8                                                   
  dest_port                    integral       32    'h2                                                   
  vc                           integral       2     'h2                                                   
  length                       integral       32    'h17                                                  
  data                         da(integral)   23    -                                                     
    [0]                        integral       64    'h4c8a150655d626f                                     
    [1]                        integral       64    'hd35319ce31a63f64                                    
    [2]                        integral       64    'h68ff39c8b76a1f7                                     
    [3]                        integral       64    'hcf9f9a314fd35789                                    
    [4]                        integral       64    'h25c9bb2434dcea3                                     
    ...                        ...            ...   ...                                                   
    [18]                       integral       64    'h77376ec24beb1ef9                                    
    [19]                       integral       64    'h985b26f589291cb6                                    
    [20]                       integral       64    'h9107b5fabdf536aa                                    
    [21]                       integral       64    'he367d33ac718b503                                    
    [22]                       integral       64    'h314dd2acf0b2ded0                                    
  begin_time                   time           64    6310000                                               
  depth                        int            32    'd2                                                   
  parent sequence (name)       string         17    simple_random_seq                                     
  parent sequence (full name)  string         54    uvm_test_top.tb.tx_port[1].sequencer.simple_random_seq
  sequencer                    string         36    uvm_test_top.tb.tx_port[1].sequencer                  
----------------------------------------------------------------------------------------------------------

UVM_INFO ../tb/htax_tx_driver_c.svp(79) @ 7010000: uvm_test_top.tb.tx_port[1].tx_driver [htax_tx_driver_c] Ended Driving Data Packet to DUT
UVM_INFO ../tb/htax_tx_driver_c.svp(79) @ 7010000: uvm_test_top.tb.tx_port[1].tx_driver [htax_tx_driver_c] Input Data Packet to DUT : 
----------------------------------------------------------------------------------------------------------
Name                           Type           Size  Value                                                 
----------------------------------------------------------------------------------------------------------
req                            htax_packet_c  -     @6129                                                 
  delay                        integral       32    'h2                                                   
  dest_port                    integral       32    'h0                                                   
  vc                           integral       2     'h3                                                   
  length                       integral       32    'h4                                                   
  data                         da(integral)   4     -                                                     
    [0]                        integral       64    'h7fdf7a7f163cb8d5                                    
    [1]                        integral       64    'hf1730a2d6ebe7e4a                                    
    [2]                        integral       64    'h6a55ccb3ac00139c                                    
    [3]                        integral       64    'h1b1e4e1a75cb97c2                                    
  begin_time                   time           64    7010000                                               
  depth                        int            32    'd2                                                   
  parent sequence (name)       string         17    simple_random_seq                                     
  parent sequence (full name)  string         54    uvm_test_top.tb.tx_port[1].sequencer.simple_random_seq
  sequencer                    string         36    uvm_test_top.tb.tx_port[1].sequencer                  
----------------------------------------------------------------------------------------------------------

UVM_INFO ../tb/htax_tx_driver_c.svp(79) @ 7210000: uvm_test_top.tb.tx_port[1].tx_driver [htax_tx_driver_c] Ended Driving Data Packet to DUT
UVM_INFO ../tb/htax_tx_driver_c.svp(79) @ 7210000: uvm_test_top.tb.tx_port[1].tx_driver [htax_tx_driver_c] Input Data Packet to DUT : 
----------------------------------------------------------------------------------------------------------
Name                           Type           Size  Value                                                 
----------------------------------------------------------------------------------------------------------
req                            htax_packet_c  -     @6163                                                 
  delay                        integral       32    'h10                                                  
  dest_port                    integral       32    'h2                                                   
  vc                           integral       2     'h2                                                   
  length                       integral       32    'h17                                                  
  data                         da(integral)   23    -                                                     
    [0]                        integral       64    'h1455ca0299ca69f6                                    
    [1]                        integral       64    'h7075f854dd63d9b5                                    
    [2]                        integral       64    'h6757406053f05a48                                    
    [3]                        integral       64    'h47adef9196caedb4                                    
    [4]                        integral       64    'h728bfcffc16453ea                                    
    ...                        ...            ...   ...                                                   
    [18]                       integral       64    'h80b985faa8b6bb0                                     
    [19]                       integral       64    'h839bd802420cd913                                    
    [20]                       integral       64    'h8b65a6e5bcb8e964                                    
    [21]                       integral       64    'hb50b41847e9d3eca                                    
    [22]                       integral       64    'hb7bb157af12ba2ce                                    
  begin_time                   time           64    7210000                                               
  depth                        int            32    'd2                                                   
  parent sequence (name)       string         17    simple_random_seq                                     
  parent sequence (full name)  string         54    uvm_test_top.tb.tx_port[1].sequencer.simple_random_seq
  sequencer                    string         36    uvm_test_top.tb.tx_port[1].sequencer                  
----------------------------------------------------------------------------------------------------------

UVM_INFO ../tb/htax_tx_driver_c.svp(79) @ 8070000: uvm_test_top.tb.tx_port[1].tx_driver [htax_tx_driver_c] Ended Driving Data Packet to DUT
UVM_INFO ../tb/htax_tx_driver_c.svp(79) @ 8070000: uvm_test_top.tb.tx_port[1].tx_driver [htax_tx_driver_c] Input Data Packet to DUT : 
----------------------------------------------------------------------------------------------------------
Name                           Type           Size  Value                                                 
----------------------------------------------------------------------------------------------------------
req                            htax_packet_c  -     @6144                                                 
  delay                        integral       32    'hf                                                   
  dest_port                    integral       32    'h1                                                   
  vc                           integral       2     'h3                                                   
  length                       integral       32    'h7                                                   
  data                         da(integral)   7     -                                                     
    [0]                        integral       64    'hb6918cdbd903a359                                    
    [1]                        integral       64    'he1b7eda52a2fd37d                                    
    [2]                        integral       64    'h5f40596fd7677d47                                    
    [3]                        integral       64    'h3d17edba28b3ce93                                    
    [4]                        integral       64    'h18b3aecf13b55b7e                                    
    [5]                        integral       64    'hfd73d0607a25b643                                    
    [6]                        integral       64    'h42c410dd7f935b23                                    
  begin_time                   time           64    8070000                                               
  depth                        int            32    'd2                                                   
  parent sequence (name)       string         17    simple_random_seq                                     
  parent sequence (full name)  string         54    uvm_test_top.tb.tx_port[1].sequencer.simple_random_seq
  sequencer                    string         36    uvm_test_top.tb.tx_port[1].sequencer                  
----------------------------------------------------------------------------------------------------------

UVM_INFO ../tb/htax_tx_driver_c.svp(79) @ 8590000: uvm_test_top.tb.tx_port[1].tx_driver [htax_tx_driver_c] Ended Driving Data Packet to DUT
UVM_INFO ../tb/htax_tx_driver_c.svp(79) @ 8590000: uvm_test_top.tb.tx_port[1].tx_driver [htax_tx_driver_c] Input Data Packet to DUT : 
----------------------------------------------------------------------------------------------------------
Name                           Type           Size  Value                                                 
----------------------------------------------------------------------------------------------------------
req                            htax_packet_c  -     @6141                                                 
  delay                        integral       32    'he                                                   
  dest_port                    integral       32    'h3                                                   
  vc                           integral       2     'h1                                                   
  length                       integral       32    'h16                                                  
  data                         da(integral)   22    -                                                     
    [0]                        integral       64    'h722cc607eaeb3777                                    
    [1]                        integral       64    'hb3dce0bfa888e9cb                                    
    [2]                        integral       64    'hf0650d15e245754d                                    
    [3]                        integral       64    'h1392d971b5a3c52b                                    
    [4]                        integral       64    'h84c5b7b8b1fa6e60                                    
    ...                        ...            ...   ...                                                   
    [17]                       integral       64    'hdbd07a60fb085d58                                    
    [18]                       integral       64    'h4a1bfb9d434761e6                                    
    [19]                       integral       64    'hd34617e7675f88f7                                    
    [20]                       integral       64    'hea393b3a1b5ba96f                                    
    [21]                       integral       64    'h8c7c6441ef10437e                                    
  begin_time                   time           64    8590000                                               
  depth                        int            32    'd2                                                   
  parent sequence (name)       string         17    simple_random_seq                                     
  parent sequence (full name)  string         54    uvm_test_top.tb.tx_port[1].sequencer.simple_random_seq
  sequencer                    string         36    uvm_test_top.tb.tx_port[1].sequencer                  
----------------------------------------------------------------------------------------------------------

UVM_INFO ../tb/htax_tx_driver_c.svp(79) @ 9390000: uvm_test_top.tb.tx_port[1].tx_driver [htax_tx_driver_c] Ended Driving Data Packet to DUT
UVM_INFO ../tb/htax_tx_driver_c.svp(79) @ 9390000: uvm_test_top.tb.tx_port[1].tx_driver [htax_tx_driver_c] Input Data Packet to DUT : 
----------------------------------------------------------------------------------------------------------
Name                           Type           Size  Value                                                 
----------------------------------------------------------------------------------------------------------
req                            htax_packet_c  -     @6122                                                 
  delay                        integral       32    'hc                                                   
  dest_port                    integral       32    'h0                                                   
  vc                           integral       2     'h1                                                   
  length                       integral       32    'h1b                                                  
  data                         da(integral)   27    -                                                     
    [0]                        integral       64    'h37b4783738ee502a                                    
    [1]                        integral       64    'h9c82ac00d1fd3e62                                    
    [2]                        integral       64    'hdb3f698ecfea30eb                                    
    [3]                        integral       64    'hf6c8cef75a6532d4                                    
    [4]                        integral       64    'hef032d7f585f5d7a                                    
    ...                        ...            ...   ...                                                   
    [22]                       integral       64    'ha8d648574a1f44d7                                    
    [23]                       integral       64    'h451915c1c8c4dc8e                                    
    [24]                       integral       64    'h91868731b3917956                                    
    [25]                       integral       64    'ha8ddff2aee909d2d                                    
    [26]                       integral       64    'hc595204a90730fbd                                    
  begin_time                   time           64    9390000                                               
  depth                        int            32    'd2                                                   
  parent sequence (name)       string         17    simple_random_seq                                     
  parent sequence (full name)  string         54    uvm_test_top.tb.tx_port[1].sequencer.simple_random_seq
  sequencer                    string         36    uvm_test_top.tb.tx_port[1].sequencer                  
----------------------------------------------------------------------------------------------------------

UVM_INFO ../tb/htax_tx_driver_c.svp(79) @ 10250000: uvm_test_top.tb.tx_port[1].tx_driver [htax_tx_driver_c] Ended Driving Data Packet to DUT
UVM_INFO ../tb/htax_tx_driver_c.svp(79) @ 10250000: uvm_test_top.tb.tx_port[1].tx_driver [htax_tx_driver_c] Input Data Packet to DUT : 
----------------------------------------------------------------------------------------------------------
Name                           Type           Size  Value                                                 
----------------------------------------------------------------------------------------------------------
req                            htax_packet_c  -     @6115                                                 
  delay                        integral       32    'hc                                                   
  dest_port                    integral       32    'h0                                                   
  vc                           integral       2     'h3                                                   
  length                       integral       32    'h32                                                  
  data                         da(integral)   50    -                                                     
    [0]                        integral       64    'h915209482d4ef49                                     
    [1]                        integral       64    'h898866ebc012814d                                    
    [2]                        integral       64    'h70686d229cb5bc7f                                    
    [3]                        integral       64    'h44c977bd4384217d                                    
    [4]                        integral       64    'h1de3c484b97a1a57                                    
    ...                        ...            ...   ...                                                   
    [45]                       integral       64    'h5865c2b4fd314821                                    
    [46]                       integral       64    'hc878240cd4f94320                                    
    [47]                       integral       64    'h77b7fa2f2603185e                                    
    [48]                       integral       64    'h396596f71481e485                                    
    [49]                       integral       64    'h67b0331431c72e2d                                    
  begin_time                   time           64    10250000                                              
  depth                        int            32    'd2                                                   
  parent sequence (name)       string         17    simple_random_seq                                     
  parent sequence (full name)  string         54    uvm_test_top.tb.tx_port[1].sequencer.simple_random_seq
  sequencer                    string         36    uvm_test_top.tb.tx_port[1].sequencer                  
----------------------------------------------------------------------------------------------------------

UVM_INFO ../tb/htax_tx_driver_c.svp(79) @ 11570000: uvm_test_top.tb.tx_port[1].tx_driver [htax_tx_driver_c] Ended Driving Data Packet to DUT
UVM_INFO ../tb/htax_tx_driver_c.svp(79) @ 11570000: uvm_test_top.tb.tx_port[1].tx_driver [htax_tx_driver_c] Input Data Packet to DUT : 
----------------------------------------------------------------------------------------------------------
Name                           Type           Size  Value                                                 
----------------------------------------------------------------------------------------------------------
req                            htax_packet_c  -     @6147                                                 
  delay                        integral       32    'hf                                                   
  dest_port                    integral       32    'h1                                                   
  vc                           integral       2     'h3                                                   
  length                       integral       32    'h1e                                                  
  data                         da(integral)   30    -                                                     
    [0]                        integral       64    'hf5c1bc6d5f31eaf9                                    
    [1]                        integral       64    'hc550371ef93a90c6                                    
    [2]                        integral       64    'hef660994ed482977                                    
    [3]                        integral       64    'hd1eab78354362fcc                                    
    [4]                        integral       64    'hd9266702191ed409                                    
    ...                        ...            ...   ...                                                   
    [25]                       integral       64    'hd01cffeaad0910ef                                    
    [26]                       integral       64    'hc047ae4d432f9431                                    
    [27]                       integral       64    'hbcb25ebc87f7c686                                    
    [28]                       integral       64    'hffd43e47d266559b                                    
    [29]                       integral       64    'hd008b723b2ec1fee                                    
  begin_time                   time           64    11570000                                              
  depth                        int            32    'd2                                                   
  parent sequence (name)       string         17    simple_random_seq                                     
  parent sequence (full name)  string         54    uvm_test_top.tb.tx_port[1].sequencer.simple_random_seq
  sequencer                    string         36    uvm_test_top.tb.tx_port[1].sequencer                  
----------------------------------------------------------------------------------------------------------

UVM_INFO ../tb/htax_tx_driver_c.svp(79) @ 12550000: uvm_test_top.tb.tx_port[1].tx_driver [htax_tx_driver_c] Ended Driving Data Packet to DUT
UVM_INFO ../tb/htax_tx_driver_c.svp(79) @ 12550000: uvm_test_top.tb.tx_port[1].tx_driver [htax_tx_driver_c] Input Data Packet to DUT : 
----------------------------------------------------------------------------------------------------------
Name                           Type           Size  Value                                                 
----------------------------------------------------------------------------------------------------------
req                            htax_packet_c  -     @6203                                                 
  delay                        integral       32    'h11                                                  
  dest_port                    integral       32    'h1                                                   
  vc                           integral       2     'h3                                                   
  length                       integral       32    'h4                                                   
  data                         da(integral)   4     -                                                     
    [0]                        integral       64    'hec5ad14a77aa6b3e                                    
    [1]                        integral       64    'h1798df7add7dde8a                                    
    [2]                        integral       64    'hc8194eda20a15a07                                    
    [3]                        integral       64    'h6bc701187cb9b52d                                    
  begin_time                   time           64    12550000                                              
  depth                        int            32    'd2                                                   
  parent sequence (name)       string         17    simple_random_seq                                     
  parent sequence (full name)  string         54    uvm_test_top.tb.tx_port[1].sequencer.simple_random_seq
  sequencer                    string         36    uvm_test_top.tb.tx_port[1].sequencer                  
----------------------------------------------------------------------------------------------------------

UVM_INFO ../tb/htax_tx_driver_c.svp(79) @ 13050000: uvm_test_top.tb.tx_port[1].tx_driver [htax_tx_driver_c] Ended Driving Data Packet to DUT
UVM_INFO ../tb/htax_seqs.sv(25) @ 13050000: uvm_test_top.tb.tx_port[1].sequencer@@simple_random_seq [simple_random_seq] drop_objection
UVM_INFO /opt/coe/cadence/XCELIUM/tools/methodology/UVM/CDNS-1.1d/sv/src/base/uvm_objection.svh(1268) @ 13050000: reporter [TEST_DONE] 'run' phase is ready to proceed to the 'extract' phase

--- UVM Report catcher Summary ---


Number of demoted UVM_FATAL reports  :    0
Number of demoted UVM_ERROR reports  :    0
Number of demoted UVM_WARNING reports:    0
Number of caught UVM_FATAL reports   :    0
Number of caught UVM_ERROR reports   :    0
Number of caught UVM_WARNING reports :    0

--- UVM Report Summary ---

** Report counts by severity
UVM_INFO :   42
UVM_WARNING :    0
UVM_ERROR :    0
UVM_FATAL :    0
** Report counts by id
[RNTST]     1
[TEST_DONE]     1
[TOP]     5
[UVMTOP]     1
[htax_tx_driver_c]    30
[simple_random_seq]     3
[simple_random_test]     1
Simulation complete via $finish(1) at time 13050 NS + 51
/opt/coe/cadence/XCELIUM/tools/methodology/UVM/CDNS-1.1d/sv/src/base/uvm_root.svh:457     $finish;
xcelium> exit

coverage setup:
  workdir  :  ./cov_work
  dutinst  :  top(top)
  scope    :  scope
  testname :  test

coverage files:
  model(design data) :  ./cov_work/scope/icc_53c03015_5da8b3f5.ucm
  data               :  ./cov_work/scope/test/icc_53c03015_5da8b3f5.ucd
TOOL:	xrun	22.03-s012: Exiting on Oct 23, 2025 at 19:51:00 CDT  (total: 00:00:07)
